Archive member included to satisfy reference by file (symbol)

/usr/lib/gcc/arm-none-eabi/10.3.1/../../../arm-none-eabi/lib/thumb/v7e-m+fp/hard/libc.a(lib_a-atexit.o)
                              /usr/lib/gcc/arm-none-eabi/10.3.1/../../../arm-none-eabi/lib/thumb/v7e-m+fp/hard/crt0.o (atexit)
/usr/lib/gcc/arm-none-eabi/10.3.1/../../../arm-none-eabi/lib/thumb/v7e-m+fp/hard/libc.a(lib_a-exit.o)
                              /usr/lib/gcc/arm-none-eabi/10.3.1/../../../arm-none-eabi/lib/thumb/v7e-m+fp/hard/crt0.o (exit)
/usr/lib/gcc/arm-none-eabi/10.3.1/../../../arm-none-eabi/lib/thumb/v7e-m+fp/hard/libc.a(lib_a-fini.o)
                              /usr/lib/gcc/arm-none-eabi/10.3.1/../../../arm-none-eabi/lib/thumb/v7e-m+fp/hard/crt0.o (__libc_fini_array)
/usr/lib/gcc/arm-none-eabi/10.3.1/../../../arm-none-eabi/lib/thumb/v7e-m+fp/hard/libc.a(lib_a-impure.o)
                              /usr/lib/gcc/arm-none-eabi/10.3.1/../../../arm-none-eabi/lib/thumb/v7e-m+fp/hard/libc.a(lib_a-exit.o) (_global_impure_ptr)
/usr/lib/gcc/arm-none-eabi/10.3.1/../../../arm-none-eabi/lib/thumb/v7e-m+fp/hard/libc.a(lib_a-init.o)
                              /usr/lib/gcc/arm-none-eabi/10.3.1/../../../arm-none-eabi/lib/thumb/v7e-m+fp/hard/crt0.o (__libc_init_array)
/usr/lib/gcc/arm-none-eabi/10.3.1/../../../arm-none-eabi/lib/thumb/v7e-m+fp/hard/libc.a(lib_a-memset.o)
                              /usr/lib/gcc/arm-none-eabi/10.3.1/../../../arm-none-eabi/lib/thumb/v7e-m+fp/hard/crt0.o (memset)
/usr/lib/gcc/arm-none-eabi/10.3.1/../../../arm-none-eabi/lib/thumb/v7e-m+fp/hard/libc.a(lib_a-__atexit.o)
                              /usr/lib/gcc/arm-none-eabi/10.3.1/../../../arm-none-eabi/lib/thumb/v7e-m+fp/hard/libc.a(lib_a-atexit.o) (__register_exitproc)
/usr/lib/gcc/arm-none-eabi/10.3.1/../../../arm-none-eabi/lib/thumb/v7e-m+fp/hard/libc.a(lib_a-__call_atexit.o)
                              /usr/lib/gcc/arm-none-eabi/10.3.1/../../../arm-none-eabi/lib/thumb/v7e-m+fp/hard/libc.a(lib_a-exit.o) (__call_exitprocs)
/usr/lib/gcc/arm-none-eabi/10.3.1/../../../arm-none-eabi/lib/thumb/v7e-m+fp/hard/libnosys.a(_exit.o)
                              /usr/lib/gcc/arm-none-eabi/10.3.1/../../../arm-none-eabi/lib/thumb/v7e-m+fp/hard/libc.a(lib_a-exit.o) (_exit)

Discarded input sections

 .text          0x0000000000000000        0x0 /usr/lib/gcc/arm-none-eabi/10.3.1/thumb/v7e-m+fp/hard/crti.o
 .data          0x0000000000000000        0x0 /usr/lib/gcc/arm-none-eabi/10.3.1/thumb/v7e-m+fp/hard/crti.o
 .bss           0x0000000000000000        0x0 /usr/lib/gcc/arm-none-eabi/10.3.1/thumb/v7e-m+fp/hard/crti.o
 .data          0x0000000000000000        0x4 /usr/lib/gcc/arm-none-eabi/10.3.1/thumb/v7e-m+fp/hard/crtbegin.o
 .rodata        0x0000000000000000       0x24 /usr/lib/gcc/arm-none-eabi/10.3.1/thumb/v7e-m+fp/hard/crtbegin.o
 .text          0x0000000000000000       0x70 /usr/lib/gcc/arm-none-eabi/10.3.1/../../../arm-none-eabi/lib/thumb/v7e-m+fp/hard/crt0.o
 .data          0x0000000000000000        0x0 /usr/lib/gcc/arm-none-eabi/10.3.1/../../../arm-none-eabi/lib/thumb/v7e-m+fp/hard/crt0.o
 .bss           0x0000000000000000        0x0 /usr/lib/gcc/arm-none-eabi/10.3.1/../../../arm-none-eabi/lib/thumb/v7e-m+fp/hard/crt0.o
 .ARM.extab     0x0000000000000000        0x0 /usr/lib/gcc/arm-none-eabi/10.3.1/../../../arm-none-eabi/lib/thumb/v7e-m+fp/hard/crt0.o
 .ARM.exidx     0x0000000000000000       0x10 /usr/lib/gcc/arm-none-eabi/10.3.1/../../../arm-none-eabi/lib/thumb/v7e-m+fp/hard/crt0.o
 .debug_line    0x0000000000000000       0x87 /usr/lib/gcc/arm-none-eabi/10.3.1/../../../arm-none-eabi/lib/thumb/v7e-m+fp/hard/crt0.o
 .debug_info    0x0000000000000000       0x26 /usr/lib/gcc/arm-none-eabi/10.3.1/../../../arm-none-eabi/lib/thumb/v7e-m+fp/hard/crt0.o
 .debug_abbrev  0x0000000000000000       0x14 /usr/lib/gcc/arm-none-eabi/10.3.1/../../../arm-none-eabi/lib/thumb/v7e-m+fp/hard/crt0.o
 .debug_aranges
                0x0000000000000000       0x20 /usr/lib/gcc/arm-none-eabi/10.3.1/../../../arm-none-eabi/lib/thumb/v7e-m+fp/hard/crt0.o
 .debug_str     0x0000000000000000       0x98 /usr/lib/gcc/arm-none-eabi/10.3.1/../../../arm-none-eabi/lib/thumb/v7e-m+fp/hard/crt0.o
 .ARM.attributes
                0x0000000000000000       0x1c /usr/lib/gcc/arm-none-eabi/10.3.1/../../../arm-none-eabi/lib/thumb/v7e-m+fp/hard/crt0.o
 .data          0x0000000000000000        0x0 /usr/lib/gcc/arm-none-eabi/10.3.1/../../../arm-none-eabi/lib/thumb/v7e-m+fp/hard/libc.a(lib_a-atexit.o)
 .bss           0x0000000000000000        0x0 /usr/lib/gcc/arm-none-eabi/10.3.1/../../../arm-none-eabi/lib/thumb/v7e-m+fp/hard/libc.a(lib_a-atexit.o)
 .text          0x0000000000000000       0x20 /usr/lib/gcc/arm-none-eabi/10.3.1/../../../arm-none-eabi/lib/thumb/v7e-m+fp/hard/libc.a(lib_a-exit.o)
 .data          0x0000000000000000        0x0 /usr/lib/gcc/arm-none-eabi/10.3.1/../../../arm-none-eabi/lib/thumb/v7e-m+fp/hard/libc.a(lib_a-exit.o)
 .bss           0x0000000000000000        0x0 /usr/lib/gcc/arm-none-eabi/10.3.1/../../../arm-none-eabi/lib/thumb/v7e-m+fp/hard/libc.a(lib_a-exit.o)
 .debug_info    0x0000000000000000      0x969 /usr/lib/gcc/arm-none-eabi/10.3.1/../../../arm-none-eabi/lib/thumb/v7e-m+fp/hard/libc.a(lib_a-exit.o)
 .debug_abbrev  0x0000000000000000      0x20c /usr/lib/gcc/arm-none-eabi/10.3.1/../../../arm-none-eabi/lib/thumb/v7e-m+fp/hard/libc.a(lib_a-exit.o)
 .debug_loc     0x0000000000000000       0x22 /usr/lib/gcc/arm-none-eabi/10.3.1/../../../arm-none-eabi/lib/thumb/v7e-m+fp/hard/libc.a(lib_a-exit.o)
 .debug_aranges
                0x0000000000000000       0x20 /usr/lib/gcc/arm-none-eabi/10.3.1/../../../arm-none-eabi/lib/thumb/v7e-m+fp/hard/libc.a(lib_a-exit.o)
 .debug_line    0x0000000000000000      0x179 /usr/lib/gcc/arm-none-eabi/10.3.1/../../../arm-none-eabi/lib/thumb/v7e-m+fp/hard/libc.a(lib_a-exit.o)
 .debug_str     0x0000000000000000      0x58b /usr/lib/gcc/arm-none-eabi/10.3.1/../../../arm-none-eabi/lib/thumb/v7e-m+fp/hard/libc.a(lib_a-exit.o)
 .comment       0x0000000000000000       0x34 /usr/lib/gcc/arm-none-eabi/10.3.1/../../../arm-none-eabi/lib/thumb/v7e-m+fp/hard/libc.a(lib_a-exit.o)
 .debug_frame   0x0000000000000000       0x28 /usr/lib/gcc/arm-none-eabi/10.3.1/../../../arm-none-eabi/lib/thumb/v7e-m+fp/hard/libc.a(lib_a-exit.o)
 .ARM.attributes
                0x0000000000000000       0x34 /usr/lib/gcc/arm-none-eabi/10.3.1/../../../arm-none-eabi/lib/thumb/v7e-m+fp/hard/libc.a(lib_a-exit.o)
 .data          0x0000000000000000        0x0 /usr/lib/gcc/arm-none-eabi/10.3.1/../../../arm-none-eabi/lib/thumb/v7e-m+fp/hard/libc.a(lib_a-fini.o)
 .bss           0x0000000000000000        0x0 /usr/lib/gcc/arm-none-eabi/10.3.1/../../../arm-none-eabi/lib/thumb/v7e-m+fp/hard/libc.a(lib_a-fini.o)
 .text          0x0000000000000000        0x0 /usr/lib/gcc/arm-none-eabi/10.3.1/../../../arm-none-eabi/lib/thumb/v7e-m+fp/hard/libc.a(lib_a-impure.o)
 .bss           0x0000000000000000        0x0 /usr/lib/gcc/arm-none-eabi/10.3.1/../../../arm-none-eabi/lib/thumb/v7e-m+fp/hard/libc.a(lib_a-impure.o)
 .data          0x0000000000000000        0x0 /usr/lib/gcc/arm-none-eabi/10.3.1/../../../arm-none-eabi/lib/thumb/v7e-m+fp/hard/libc.a(lib_a-init.o)
 .bss           0x0000000000000000        0x0 /usr/lib/gcc/arm-none-eabi/10.3.1/../../../arm-none-eabi/lib/thumb/v7e-m+fp/hard/libc.a(lib_a-init.o)
 .text          0x0000000000000000       0xa4 /usr/lib/gcc/arm-none-eabi/10.3.1/../../../arm-none-eabi/lib/thumb/v7e-m+fp/hard/libc.a(lib_a-memset.o)
 .data          0x0000000000000000        0x0 /usr/lib/gcc/arm-none-eabi/10.3.1/../../../arm-none-eabi/lib/thumb/v7e-m+fp/hard/libc.a(lib_a-memset.o)
 .bss           0x0000000000000000        0x0 /usr/lib/gcc/arm-none-eabi/10.3.1/../../../arm-none-eabi/lib/thumb/v7e-m+fp/hard/libc.a(lib_a-memset.o)
 .debug_info    0x0000000000000000      0x137 /usr/lib/gcc/arm-none-eabi/10.3.1/../../../arm-none-eabi/lib/thumb/v7e-m+fp/hard/libc.a(lib_a-memset.o)
 .debug_abbrev  0x0000000000000000       0xb4 /usr/lib/gcc/arm-none-eabi/10.3.1/../../../arm-none-eabi/lib/thumb/v7e-m+fp/hard/libc.a(lib_a-memset.o)
 .debug_loc     0x0000000000000000      0x22c /usr/lib/gcc/arm-none-eabi/10.3.1/../../../arm-none-eabi/lib/thumb/v7e-m+fp/hard/libc.a(lib_a-memset.o)
 .debug_aranges
                0x0000000000000000       0x20 /usr/lib/gcc/arm-none-eabi/10.3.1/../../../arm-none-eabi/lib/thumb/v7e-m+fp/hard/libc.a(lib_a-memset.o)
 .debug_line    0x0000000000000000      0x1bf /usr/lib/gcc/arm-none-eabi/10.3.1/../../../arm-none-eabi/lib/thumb/v7e-m+fp/hard/libc.a(lib_a-memset.o)
 .debug_str     0x0000000000000000      0x1bb /usr/lib/gcc/arm-none-eabi/10.3.1/../../../arm-none-eabi/lib/thumb/v7e-m+fp/hard/libc.a(lib_a-memset.o)
 .comment       0x0000000000000000       0x34 /usr/lib/gcc/arm-none-eabi/10.3.1/../../../arm-none-eabi/lib/thumb/v7e-m+fp/hard/libc.a(lib_a-memset.o)
 .debug_frame   0x0000000000000000       0x2c /usr/lib/gcc/arm-none-eabi/10.3.1/../../../arm-none-eabi/lib/thumb/v7e-m+fp/hard/libc.a(lib_a-memset.o)
 .ARM.attributes
                0x0000000000000000       0x34 /usr/lib/gcc/arm-none-eabi/10.3.1/../../../arm-none-eabi/lib/thumb/v7e-m+fp/hard/libc.a(lib_a-memset.o)
 .data          0x0000000000000000        0x0 /usr/lib/gcc/arm-none-eabi/10.3.1/../../../arm-none-eabi/lib/thumb/v7e-m+fp/hard/libc.a(lib_a-__atexit.o)
 .bss           0x0000000000000000        0x0 /usr/lib/gcc/arm-none-eabi/10.3.1/../../../arm-none-eabi/lib/thumb/v7e-m+fp/hard/libc.a(lib_a-__atexit.o)
 .text          0x0000000000000000       0xb8 /usr/lib/gcc/arm-none-eabi/10.3.1/../../../arm-none-eabi/lib/thumb/v7e-m+fp/hard/libc.a(lib_a-__call_atexit.o)
 .data          0x0000000000000000        0x0 /usr/lib/gcc/arm-none-eabi/10.3.1/../../../arm-none-eabi/lib/thumb/v7e-m+fp/hard/libc.a(lib_a-__call_atexit.o)
 .bss           0x0000000000000000        0x0 /usr/lib/gcc/arm-none-eabi/10.3.1/../../../arm-none-eabi/lib/thumb/v7e-m+fp/hard/libc.a(lib_a-__call_atexit.o)
 .group         0x0000000000000000        0xc CMakeFiles/STM32_Driver.dir/Src/main.c.obj
 .group         0x0000000000000000        0xc CMakeFiles/STM32_Driver.dir/Src/main.c.obj
 .group         0x0000000000000000        0xc CMakeFiles/STM32_Driver.dir/Src/main.c.obj
 .group         0x0000000000000000        0xc CMakeFiles/STM32_Driver.dir/Src/main.c.obj
 .group         0x0000000000000000        0xc CMakeFiles/STM32_Driver.dir/Src/main.c.obj
 .text          0x0000000000000000        0x0 CMakeFiles/STM32_Driver.dir/Src/main.c.obj
 .data          0x0000000000000000        0x0 CMakeFiles/STM32_Driver.dir/Src/main.c.obj
 .bss           0x0000000000000000        0x0 CMakeFiles/STM32_Driver.dir/Src/main.c.obj
 .text.delay    0x0000000000000000       0x14 CMakeFiles/STM32_Driver.dir/Src/main.c.obj
 .text          0x0000000000000000       0x14 CMakeFiles/STM32_Driver.dir/Startup/startup_stm32f446retx.s.obj
 .data          0x0000000000000000        0x0 CMakeFiles/STM32_Driver.dir/Startup/startup_stm32f446retx.s.obj
 .bss           0x0000000000000000        0x0 CMakeFiles/STM32_Driver.dir/Startup/startup_stm32f446retx.s.obj
 .group         0x0000000000000000        0xc CMakeFiles/STM32_Driver.dir/Driver/Src/stm32f446xx_gpio_driver.c.obj
 .group         0x0000000000000000        0xc CMakeFiles/STM32_Driver.dir/Driver/Src/stm32f446xx_gpio_driver.c.obj
 .group         0x0000000000000000        0xc CMakeFiles/STM32_Driver.dir/Driver/Src/stm32f446xx_gpio_driver.c.obj
 .group         0x0000000000000000        0xc CMakeFiles/STM32_Driver.dir/Driver/Src/stm32f446xx_gpio_driver.c.obj
 .group         0x0000000000000000        0xc CMakeFiles/STM32_Driver.dir/Driver/Src/stm32f446xx_gpio_driver.c.obj
 .text          0x0000000000000000        0x0 CMakeFiles/STM32_Driver.dir/Driver/Src/stm32f446xx_gpio_driver.c.obj
 .data          0x0000000000000000        0x0 CMakeFiles/STM32_Driver.dir/Driver/Src/stm32f446xx_gpio_driver.c.obj
 .bss           0x0000000000000000        0x0 CMakeFiles/STM32_Driver.dir/Driver/Src/stm32f446xx_gpio_driver.c.obj
 .text.DRV_GPIO_DeInit
                0x0000000000000000      0x104 CMakeFiles/STM32_Driver.dir/Driver/Src/stm32f446xx_gpio_driver.c.obj
 .text.DRV_GPIO_ReadPin
                0x0000000000000000        0xa CMakeFiles/STM32_Driver.dir/Driver/Src/stm32f446xx_gpio_driver.c.obj
 .text.DRV_GPIO_ReadPort
                0x0000000000000000        0x6 CMakeFiles/STM32_Driver.dir/Driver/Src/stm32f446xx_gpio_driver.c.obj
 .text.DRV_GPIO_WritePort
                0x0000000000000000        0x4 CMakeFiles/STM32_Driver.dir/Driver/Src/stm32f446xx_gpio_driver.c.obj
 .debug_macro   0x0000000000000000      0xa6c CMakeFiles/STM32_Driver.dir/Driver/Src/stm32f446xx_gpio_driver.c.obj
 .debug_macro   0x0000000000000000      0x34e CMakeFiles/STM32_Driver.dir/Driver/Src/stm32f446xx_gpio_driver.c.obj
 .debug_macro   0x0000000000000000      0x2f4 CMakeFiles/STM32_Driver.dir/Driver/Src/stm32f446xx_gpio_driver.c.obj
 .debug_macro   0x0000000000000000       0x22 CMakeFiles/STM32_Driver.dir/Driver/Src/stm32f446xx_gpio_driver.c.obj
 .debug_macro   0x0000000000000000       0x8e CMakeFiles/STM32_Driver.dir/Driver/Src/stm32f446xx_gpio_driver.c.obj
 .text          0x0000000000000000        0x4 /usr/lib/gcc/arm-none-eabi/10.3.1/../../../arm-none-eabi/lib/thumb/v7e-m+fp/hard/libnosys.a(_exit.o)
 .data          0x0000000000000000        0x0 /usr/lib/gcc/arm-none-eabi/10.3.1/../../../arm-none-eabi/lib/thumb/v7e-m+fp/hard/libnosys.a(_exit.o)
 .bss           0x0000000000000000        0x0 /usr/lib/gcc/arm-none-eabi/10.3.1/../../../arm-none-eabi/lib/thumb/v7e-m+fp/hard/libnosys.a(_exit.o)
 .debug_info    0x0000000000000000       0xa3 /usr/lib/gcc/arm-none-eabi/10.3.1/../../../arm-none-eabi/lib/thumb/v7e-m+fp/hard/libnosys.a(_exit.o)
 .debug_abbrev  0x0000000000000000       0x6a /usr/lib/gcc/arm-none-eabi/10.3.1/../../../arm-none-eabi/lib/thumb/v7e-m+fp/hard/libnosys.a(_exit.o)
 .debug_loc     0x0000000000000000       0x15 /usr/lib/gcc/arm-none-eabi/10.3.1/../../../arm-none-eabi/lib/thumb/v7e-m+fp/hard/libnosys.a(_exit.o)
 .debug_aranges
                0x0000000000000000       0x20 /usr/lib/gcc/arm-none-eabi/10.3.1/../../../arm-none-eabi/lib/thumb/v7e-m+fp/hard/libnosys.a(_exit.o)
 .debug_line    0x0000000000000000       0x75 /usr/lib/gcc/arm-none-eabi/10.3.1/../../../arm-none-eabi/lib/thumb/v7e-m+fp/hard/libnosys.a(_exit.o)
 .debug_str     0x0000000000000000      0x181 /usr/lib/gcc/arm-none-eabi/10.3.1/../../../arm-none-eabi/lib/thumb/v7e-m+fp/hard/libnosys.a(_exit.o)
 .comment       0x0000000000000000       0x34 /usr/lib/gcc/arm-none-eabi/10.3.1/../../../arm-none-eabi/lib/thumb/v7e-m+fp/hard/libnosys.a(_exit.o)
 .debug_frame   0x0000000000000000       0x20 /usr/lib/gcc/arm-none-eabi/10.3.1/../../../arm-none-eabi/lib/thumb/v7e-m+fp/hard/libnosys.a(_exit.o)
 .ARM.attributes
                0x0000000000000000       0x34 /usr/lib/gcc/arm-none-eabi/10.3.1/../../../arm-none-eabi/lib/thumb/v7e-m+fp/hard/libnosys.a(_exit.o)
 .text          0x0000000000000000        0x0 /usr/lib/gcc/arm-none-eabi/10.3.1/thumb/v7e-m+fp/hard/crtend.o
 .data          0x0000000000000000        0x0 /usr/lib/gcc/arm-none-eabi/10.3.1/thumb/v7e-m+fp/hard/crtend.o
 .bss           0x0000000000000000        0x0 /usr/lib/gcc/arm-none-eabi/10.3.1/thumb/v7e-m+fp/hard/crtend.o
 .rodata        0x0000000000000000       0x24 /usr/lib/gcc/arm-none-eabi/10.3.1/thumb/v7e-m+fp/hard/crtend.o
 .eh_frame      0x0000000000000000        0x4 /usr/lib/gcc/arm-none-eabi/10.3.1/thumb/v7e-m+fp/hard/crtend.o
 .text          0x0000000000000000        0x0 /usr/lib/gcc/arm-none-eabi/10.3.1/thumb/v7e-m+fp/hard/crtn.o
 .data          0x0000000000000000        0x0 /usr/lib/gcc/arm-none-eabi/10.3.1/thumb/v7e-m+fp/hard/crtn.o
 .bss           0x0000000000000000        0x0 /usr/lib/gcc/arm-none-eabi/10.3.1/thumb/v7e-m+fp/hard/crtn.o

Memory Configuration

Name             Origin             Length             Attributes
RAM              0x0000000020000000 0x0000000000020000 xrw
FLASH            0x0000000008000000 0x0000000000080000 xr
*default*        0x0000000000000000 0xffffffffffffffff

Linker script and memory map

LOAD /usr/lib/gcc/arm-none-eabi/10.3.1/thumb/v7e-m+fp/hard/crti.o
LOAD /usr/lib/gcc/arm-none-eabi/10.3.1/thumb/v7e-m+fp/hard/crtbegin.o
LOAD /usr/lib/gcc/arm-none-eabi/10.3.1/../../../arm-none-eabi/lib/thumb/v7e-m+fp/hard/crt0.o
START GROUP
LOAD /usr/lib/gcc/arm-none-eabi/10.3.1/../../../arm-none-eabi/lib/thumb/v7e-m+fp/hard/libc.a
LOAD /usr/lib/gcc/arm-none-eabi/10.3.1/../../../arm-none-eabi/lib/thumb/v7e-m+fp/hard/libm.a
LOAD /usr/lib/gcc/arm-none-eabi/10.3.1/../../../arm-none-eabi/lib/thumb/v7e-m+fp/hard/libstdc++.a
LOAD /usr/lib/gcc/arm-none-eabi/10.3.1/../../../arm-none-eabi/lib/thumb/v7e-m+fp/hard/libsupc++.a
END GROUP
LOAD CMakeFiles/STM32_Driver.dir/Src/main.c.obj
LOAD CMakeFiles/STM32_Driver.dir/Startup/startup_stm32f446retx.s.obj
LOAD CMakeFiles/STM32_Driver.dir/Driver/Src/stm32f446xx_gpio_driver.c.obj
START GROUP
LOAD /usr/lib/gcc/arm-none-eabi/10.3.1/thumb/v7e-m+fp/hard/libgcc.a
LOAD /usr/lib/gcc/arm-none-eabi/10.3.1/../../../arm-none-eabi/lib/thumb/v7e-m+fp/hard/libg.a
LOAD /usr/lib/gcc/arm-none-eabi/10.3.1/../../../arm-none-eabi/lib/thumb/v7e-m+fp/hard/libc.a
END GROUP
START GROUP
LOAD /usr/lib/gcc/arm-none-eabi/10.3.1/thumb/v7e-m+fp/hard/libgcc.a
LOAD /usr/lib/gcc/arm-none-eabi/10.3.1/../../../arm-none-eabi/lib/thumb/v7e-m+fp/hard/libc.a
LOAD /usr/lib/gcc/arm-none-eabi/10.3.1/../../../arm-none-eabi/lib/thumb/v7e-m+fp/hard/libnosys.a
END GROUP
LOAD /usr/lib/gcc/arm-none-eabi/10.3.1/thumb/v7e-m+fp/hard/crtend.o
LOAD /usr/lib/gcc/arm-none-eabi/10.3.1/thumb/v7e-m+fp/hard/crtn.o
                0x0000000020020000                _estack = (ORIGIN (RAM) + LENGTH (RAM))
                0x0000000000000200                _Min_Heap_Size = 0x200
                0x0000000000000400                _Min_Stack_Size = 0x400

.isr_vector     0x0000000008000000      0x1c4
                0x0000000008000000                . = ALIGN (0x4)
 *(.isr_vector)
 .isr_vector    0x0000000008000000      0x1c4 CMakeFiles/STM32_Driver.dir/Startup/startup_stm32f446retx.s.obj
                0x0000000008000000                g_pfnVectors
                0x00000000080001c4                . = ALIGN (0x4)

.text           0x00000000080001c4      0x70c
                0x00000000080001c4                . = ALIGN (0x4)
 *(.text)
 .text          0x00000000080001c4       0x88 /usr/lib/gcc/arm-none-eabi/10.3.1/thumb/v7e-m+fp/hard/crtbegin.o
 .text          0x000000000800024c        0xc /usr/lib/gcc/arm-none-eabi/10.3.1/../../../arm-none-eabi/lib/thumb/v7e-m+fp/hard/libc.a(lib_a-atexit.o)
                0x000000000800024c                atexit
 .text          0x0000000008000258       0x2c /usr/lib/gcc/arm-none-eabi/10.3.1/../../../arm-none-eabi/lib/thumb/v7e-m+fp/hard/libc.a(lib_a-fini.o)
                0x0000000008000258                __libc_fini_array
 .text          0x0000000008000284       0x48 /usr/lib/gcc/arm-none-eabi/10.3.1/../../../arm-none-eabi/lib/thumb/v7e-m+fp/hard/libc.a(lib_a-init.o)
                0x0000000008000284                __libc_init_array
 .text          0x00000000080002cc       0x68 /usr/lib/gcc/arm-none-eabi/10.3.1/../../../arm-none-eabi/lib/thumb/v7e-m+fp/hard/libc.a(lib_a-__atexit.o)
                0x00000000080002cc                __register_exitproc
 *(.text*)
 .text.startup  0x0000000008000334       0x14 /usr/lib/gcc/arm-none-eabi/10.3.1/../../../arm-none-eabi/lib/thumb/v7e-m+fp/hard/libc.a(lib_a-__call_atexit.o)
 .text.GPIO_Init
                0x0000000008000348       0x50 CMakeFiles/STM32_Driver.dir/Src/main.c.obj
                0x0000000008000348                GPIO_Init
 .text.IRQ_INIT
                0x0000000008000398       0x14 CMakeFiles/STM32_Driver.dir/Src/main.c.obj
                0x0000000008000398                IRQ_INIT
 .text.main     0x00000000080003ac       0x50 CMakeFiles/STM32_Driver.dir/Src/main.c.obj
                0x00000000080003ac                main
 .text.EXTI15_10_IRQHandler
                0x00000000080003fc       0x18 CMakeFiles/STM32_Driver.dir/Src/main.c.obj
                0x00000000080003fc                EXTI15_10_IRQHandler
 .text.Reset_Handler
                0x0000000008000414       0x50 CMakeFiles/STM32_Driver.dir/Startup/startup_stm32f446retx.s.obj
                0x0000000008000414                Reset_Handler
 .text.Default_Handler
                0x0000000008000464        0x2 CMakeFiles/STM32_Driver.dir/Startup/startup_stm32f446retx.s.obj
                0x0000000008000464                RTC_Alarm_IRQHandler
                0x0000000008000464                EXTI2_IRQHandler
                0x0000000008000464                TIM8_CC_IRQHandler
                0x0000000008000464                SPDIF_Rx_IRQHandler
                0x0000000008000464                SPI4_IRQHandler
                0x0000000008000464                TIM1_CC_IRQHandler
                0x0000000008000464                QuadSPI_IRQHandler
                0x0000000008000464                DMA2_Stream5_IRQHandler
                0x0000000008000464                HardFault_Handler
                0x0000000008000464                DMA1_Stream5_IRQHandler
                0x0000000008000464                SysTick_Handler
                0x0000000008000464                PVD_IRQHandler
                0x0000000008000464                SDIO_IRQHandler
                0x0000000008000464                TAMP_STAMP_IRQHandler
                0x0000000008000464                PendSV_Handler
                0x0000000008000464                NMI_Handler
                0x0000000008000464                CAN2_RX1_IRQHandler
                0x0000000008000464                EXTI3_IRQHandler
                0x0000000008000464                TIM8_TRG_COM_TIM14_IRQHandler
                0x0000000008000464                TIM1_UP_TIM10_IRQHandler
                0x0000000008000464                FMPI2C1_error_IRQHandler
                0x0000000008000464                TIM8_UP_TIM13_IRQHandler
                0x0000000008000464                I2C3_ER_IRQHandler
                0x0000000008000464                EXTI0_IRQHandler
                0x0000000008000464                I2C2_EV_IRQHandler
                0x0000000008000464                DMA1_Stream2_IRQHandler
                0x0000000008000464                CAN1_RX0_IRQHandler
                0x0000000008000464                OTG_HS_WKUP_IRQHandler
                0x0000000008000464                UsageFault_Handler
                0x0000000008000464                CAN2_SCE_IRQHandler
                0x0000000008000464                DMA2_Stream2_IRQHandler
                0x0000000008000464                SPI1_IRQHandler
                0x0000000008000464                TIM6_DAC_IRQHandler
                0x0000000008000464                TIM1_BRK_TIM9_IRQHandler
                0x0000000008000464                DCMI_IRQHandler
                0x0000000008000464                CAN2_RX0_IRQHandler
                0x0000000008000464                DMA2_Stream3_IRQHandler
                0x0000000008000464                FMPI2C1_IRQHandler
                0x0000000008000464                SAI2_IRQHandler
                0x0000000008000464                USART6_IRQHandler
                0x0000000008000464                USART3_IRQHandler
                0x0000000008000464                CAN1_RX1_IRQHandler
                0x0000000008000464                UART5_IRQHandler
                0x0000000008000464                DMA2_Stream0_IRQHandler
                0x0000000008000464                TIM4_IRQHandler
                0x0000000008000464                I2C1_EV_IRQHandler
                0x0000000008000464                HDMI_CEC_IRQHandler
                0x0000000008000464                DMA1_Stream6_IRQHandler
                0x0000000008000464                DMA1_Stream1_IRQHandler
                0x0000000008000464                UART4_IRQHandler
                0x0000000008000464                TIM3_IRQHandler
                0x0000000008000464                RCC_IRQHandler
                0x0000000008000464                TIM8_BRK_TIM12_IRQHandler
                0x0000000008000464                Default_Handler
                0x0000000008000464                ADC_IRQHandler
                0x0000000008000464                DMA1_Stream7_IRQHandler
                0x0000000008000464                TIM7_IRQHandler
                0x0000000008000464                CAN2_TX_IRQHandler
                0x0000000008000464                TIM5_IRQHandler
                0x0000000008000464                DMA2_Stream7_IRQHandler
                0x0000000008000464                I2C3_EV_IRQHandler
                0x0000000008000464                EXTI9_5_IRQHandler
                0x0000000008000464                RTC_WKUP_IRQHandler
                0x0000000008000464                SPI2_IRQHandler
                0x0000000008000464                OTG_HS_EP1_IN_IRQHandler
                0x0000000008000464                MemManage_Handler
                0x0000000008000464                DMA1_Stream0_IRQHandler
                0x0000000008000464                CAN1_TX_IRQHandler
                0x0000000008000464                SVC_Handler
                0x0000000008000464                EXTI4_IRQHandler
                0x0000000008000464                OTG_HS_EP1_OUT_IRQHandler
                0x0000000008000464                WWDG_IRQHandler
                0x0000000008000464                TIM2_IRQHandler
                0x0000000008000464                OTG_FS_WKUP_IRQHandler
                0x0000000008000464                TIM1_TRG_COM_TIM11_IRQHandler
                0x0000000008000464                OTG_HS_IRQHandler
                0x0000000008000464                EXTI1_IRQHandler
                0x0000000008000464                USART2_IRQHandler
                0x0000000008000464                I2C2_ER_IRQHandler
                0x0000000008000464                DMA2_Stream1_IRQHandler
                0x0000000008000464                CAN1_SCE_IRQHandler
                0x0000000008000464                FLASH_IRQHandler
                0x0000000008000464                DMA2_Stream4_IRQHandler
                0x0000000008000464                BusFault_Handler
                0x0000000008000464                USART1_IRQHandler
                0x0000000008000464                OTG_FS_IRQHandler
                0x0000000008000464                SPI3_IRQHandler
                0x0000000008000464                DMA1_Stream4_IRQHandler
                0x0000000008000464                I2C1_ER_IRQHandler
                0x0000000008000464                FMC_IRQHandler
                0x0000000008000464                DMA2_Stream6_IRQHandler
                0x0000000008000464                SAI1_IRQHandler
                0x0000000008000464                DMA1_Stream3_IRQHandler
 *fill*         0x0000000008000466        0x2 
 .text.DRV_GPIO_Pclkcontrol
                0x0000000008000468      0x14c CMakeFiles/STM32_Driver.dir/Driver/Src/stm32f446xx_gpio_driver.c.obj
                0x0000000008000468                DRV_GPIO_Pclkcontrol
 .text.DRV_GPIO_Init
                0x00000000080005b4      0x1d8 CMakeFiles/STM32_Driver.dir/Driver/Src/stm32f446xx_gpio_driver.c.obj
                0x00000000080005b4                DRV_GPIO_Init
 .text.DRV_GPIO_WritePin
                0x000000000800078c       0x20 CMakeFiles/STM32_Driver.dir/Driver/Src/stm32f446xx_gpio_driver.c.obj
                0x000000000800078c                DRV_GPIO_WritePin
 .text.DRV_GPIO_TogglePin
                0x00000000080007ac        0xc CMakeFiles/STM32_Driver.dir/Driver/Src/stm32f446xx_gpio_driver.c.obj
                0x00000000080007ac                DRV_GPIO_TogglePin
 .text.DRV_GPIO_IRQConfig
                0x00000000080007b8       0xc4 CMakeFiles/STM32_Driver.dir/Driver/Src/stm32f446xx_gpio_driver.c.obj
                0x00000000080007b8                DRV_GPIO_IRQConfig
 .text.DRV_GPIO_IRQPriorityCFG
                0x000000000800087c       0x20 CMakeFiles/STM32_Driver.dir/Driver/Src/stm32f446xx_gpio_driver.c.obj
                0x000000000800087c                DRV_GPIO_IRQPriorityCFG
 .text.DRV_GPIO_IRQHandling
                0x000000000800089c       0x1c CMakeFiles/STM32_Driver.dir/Driver/Src/stm32f446xx_gpio_driver.c.obj
                0x000000000800089c                DRV_GPIO_IRQHandling
 *(.glue_7)
 .glue_7        0x00000000080008b8        0x0 linker stubs
 *(.glue_7t)
 .glue_7t       0x00000000080008b8        0x0 linker stubs
 *(.eh_frame)
 .eh_frame      0x00000000080008b8        0x0 /usr/lib/gcc/arm-none-eabi/10.3.1/thumb/v7e-m+fp/hard/crtbegin.o
 *(.init)
 .init          0x00000000080008b8        0x4 /usr/lib/gcc/arm-none-eabi/10.3.1/thumb/v7e-m+fp/hard/crti.o
                0x00000000080008b8                _init
 .init          0x00000000080008bc        0x8 /usr/lib/gcc/arm-none-eabi/10.3.1/thumb/v7e-m+fp/hard/crtn.o
 *(.fini)
 .fini          0x00000000080008c4        0x4 /usr/lib/gcc/arm-none-eabi/10.3.1/thumb/v7e-m+fp/hard/crti.o
                0x00000000080008c4                _fini
 .fini          0x00000000080008c8        0x8 /usr/lib/gcc/arm-none-eabi/10.3.1/thumb/v7e-m+fp/hard/crtn.o
                0x00000000080008d0                . = ALIGN (0x4)
                0x00000000080008d0                _etext = .

.vfp11_veneer   0x00000000080008d0        0x0
 .vfp11_veneer  0x00000000080008d0        0x0 linker stubs

.v4_bx          0x00000000080008d0        0x0
 .v4_bx         0x00000000080008d0        0x0 linker stubs

.iplt           0x00000000080008d0        0x0
 .iplt          0x00000000080008d0        0x0 /usr/lib/gcc/arm-none-eabi/10.3.1/thumb/v7e-m+fp/hard/crtbegin.o

.rodata         0x00000000080008d0        0x4
                0x00000000080008d0                . = ALIGN (0x4)
 *(.rodata)
 .rodata        0x00000000080008d0        0x4 /usr/lib/gcc/arm-none-eabi/10.3.1/../../../arm-none-eabi/lib/thumb/v7e-m+fp/hard/libc.a(lib_a-impure.o)
                0x00000000080008d0                _global_impure_ptr
 *(.rodata*)
                0x00000000080008d4                . = ALIGN (0x4)

.ARM.extab      0x00000000080008d4        0x0
                0x00000000080008d4                . = ALIGN (0x4)
 *(.ARM.extab* .gnu.linkonce.armextab.*)
                0x00000000080008d4                . = ALIGN (0x4)

.ARM            0x00000000080008d4        0x0
                0x00000000080008d4                . = ALIGN (0x4)
                0x00000000080008d4                __exidx_start = .
 *(.ARM.exidx*)
                0x00000000080008d4                __exidx_end = .
                0x00000000080008d4                . = ALIGN (0x4)

.preinit_array  0x00000000080008d4        0x0
                0x00000000080008d4                . = ALIGN (0x4)
                0x00000000080008d4                PROVIDE (__preinit_array_start = .)
 *(.preinit_array*)
                0x00000000080008d4                PROVIDE (__preinit_array_end = .)
                0x00000000080008d4                . = ALIGN (0x4)

.init_array     0x00000000080008d4        0x8
                0x00000000080008d4                . = ALIGN (0x4)
                0x00000000080008d4                PROVIDE (__init_array_start = .)
 *(SORT_BY_NAME(.init_array.*))
 .init_array.00000
                0x00000000080008d4        0x4 /usr/lib/gcc/arm-none-eabi/10.3.1/../../../arm-none-eabi/lib/thumb/v7e-m+fp/hard/libc.a(lib_a-__call_atexit.o)
 *(.init_array*)
 .init_array    0x00000000080008d8        0x4 /usr/lib/gcc/arm-none-eabi/10.3.1/thumb/v7e-m+fp/hard/crtbegin.o
                0x00000000080008dc                PROVIDE (__init_array_end = .)
                0x00000000080008dc                . = ALIGN (0x4)

.fini_array     0x00000000080008dc        0x4
                0x00000000080008dc                . = ALIGN (0x4)
                0x00000000080008dc                PROVIDE (__fini_array_start = .)
 *(SORT_BY_NAME(.fini_array.*))
 *(.fini_array*)
 .fini_array    0x00000000080008dc        0x4 /usr/lib/gcc/arm-none-eabi/10.3.1/thumb/v7e-m+fp/hard/crtbegin.o
                0x00000000080008e0                PROVIDE (__fini_array_end = .)
                0x00000000080008e0                . = ALIGN (0x4)
                0x00000000080008e0                _sidata = LOADADDR (.data)

.rel.dyn        0x00000000080008e0        0x0
 .rel.iplt      0x00000000080008e0        0x0 /usr/lib/gcc/arm-none-eabi/10.3.1/thumb/v7e-m+fp/hard/crtbegin.o

.data           0x0000000020000000      0x430 load address 0x00000000080008e0
                0x0000000020000000                . = ALIGN (0x4)
                0x0000000020000000                _sdata = .
 *(.data)
 .data          0x0000000020000000      0x430 /usr/lib/gcc/arm-none-eabi/10.3.1/../../../arm-none-eabi/lib/thumb/v7e-m+fp/hard/libc.a(lib_a-impure.o)
                0x0000000020000000                _impure_ptr
 *(.data*)
 *(.RamFunc)
 *(.RamFunc*)
                0x0000000020000430                . = ALIGN (0x4)
                0x0000000020000430                _edata = .

.tm_clone_table
                0x0000000020000430        0x0 load address 0x0000000008000d10
 .tm_clone_table
                0x0000000020000430        0x0 /usr/lib/gcc/arm-none-eabi/10.3.1/thumb/v7e-m+fp/hard/crtbegin.o
 .tm_clone_table
                0x0000000020000430        0x0 /usr/lib/gcc/arm-none-eabi/10.3.1/thumb/v7e-m+fp/hard/crtend.o

.igot.plt       0x0000000020000430        0x0 load address 0x0000000008000d10
 .igot.plt      0x0000000020000430        0x0 /usr/lib/gcc/arm-none-eabi/10.3.1/thumb/v7e-m+fp/hard/crtbegin.o
                0x0000000020000430                . = ALIGN (0x4)

.bss            0x0000000020000430       0x20 load address 0x0000000008000d10
                0x0000000020000430                _sbss = .
                0x0000000020000430                __bss_start__ = _sbss
 *(.bss)
 .bss           0x0000000020000430       0x1c /usr/lib/gcc/arm-none-eabi/10.3.1/thumb/v7e-m+fp/hard/crtbegin.o
 *(.bss*)
 .bss.mode      0x000000002000044c        0x1 CMakeFiles/STM32_Driver.dir/Src/main.c.obj
                0x000000002000044c                mode
 *(COMMON)
                0x0000000020000450                . = ALIGN (0x4)
 *fill*         0x000000002000044d        0x3 
                0x0000000020000450                _ebss = .
                0x0000000020000450                __bss_end__ = _ebss

._user_heap_stack
                0x0000000020000450      0x600 load address 0x0000000008000d10
                0x0000000020000450                . = ALIGN (0x8)
                [!provide]                        PROVIDE (end = .)
                [!provide]                        PROVIDE (_end = .)
                0x0000000020000650                . = (. + _Min_Heap_Size)
 *fill*         0x0000000020000450      0x200 
                0x0000000020000a50                . = (. + _Min_Stack_Size)
 *fill*         0x0000000020000650      0x400 
                0x0000000020000a50                . = ALIGN (0x8)

/DISCARD/
 libc.a(*)
 libm.a(*)
 libgcc.a(*)

.ARM.attributes
                0x0000000000000000       0x30
 *(.ARM.attributes)
 .ARM.attributes
                0x0000000000000000       0x1e /usr/lib/gcc/arm-none-eabi/10.3.1/thumb/v7e-m+fp/hard/crti.o
 .ARM.attributes
                0x000000000000001e       0x34 /usr/lib/gcc/arm-none-eabi/10.3.1/thumb/v7e-m+fp/hard/crtbegin.o
 .ARM.attributes
                0x0000000000000052       0x34 /usr/lib/gcc/arm-none-eabi/10.3.1/../../../arm-none-eabi/lib/thumb/v7e-m+fp/hard/libc.a(lib_a-atexit.o)
 .ARM.attributes
                0x0000000000000086       0x34 /usr/lib/gcc/arm-none-eabi/10.3.1/../../../arm-none-eabi/lib/thumb/v7e-m+fp/hard/libc.a(lib_a-fini.o)
 .ARM.attributes
                0x00000000000000ba       0x32 /usr/lib/gcc/arm-none-eabi/10.3.1/../../../arm-none-eabi/lib/thumb/v7e-m+fp/hard/libc.a(lib_a-impure.o)
 .ARM.attributes
                0x00000000000000ec       0x34 /usr/lib/gcc/arm-none-eabi/10.3.1/../../../arm-none-eabi/lib/thumb/v7e-m+fp/hard/libc.a(lib_a-init.o)
 .ARM.attributes
                0x0000000000000120       0x34 /usr/lib/gcc/arm-none-eabi/10.3.1/../../../arm-none-eabi/lib/thumb/v7e-m+fp/hard/libc.a(lib_a-__atexit.o)
 .ARM.attributes
                0x0000000000000154       0x34 /usr/lib/gcc/arm-none-eabi/10.3.1/../../../arm-none-eabi/lib/thumb/v7e-m+fp/hard/libc.a(lib_a-__call_atexit.o)
 .ARM.attributes
                0x0000000000000188       0x34 CMakeFiles/STM32_Driver.dir/Src/main.c.obj
 .ARM.attributes
                0x00000000000001bc       0x21 CMakeFiles/STM32_Driver.dir/Startup/startup_stm32f446retx.s.obj
 .ARM.attributes
                0x00000000000001dd       0x34 CMakeFiles/STM32_Driver.dir/Driver/Src/stm32f446xx_gpio_driver.c.obj
 .ARM.attributes
                0x0000000000000211       0x32 /usr/lib/gcc/arm-none-eabi/10.3.1/thumb/v7e-m+fp/hard/crtend.o
 .ARM.attributes
                0x0000000000000243       0x1e /usr/lib/gcc/arm-none-eabi/10.3.1/thumb/v7e-m+fp/hard/crtn.o
OUTPUT(STM32_Driver.elf elf32-littlearm)
LOAD linker stubs
LOAD /usr/lib/gcc/arm-none-eabi/10.3.1/../../../arm-none-eabi/lib/thumb/v7e-m+fp/hard/libc.a
LOAD /usr/lib/gcc/arm-none-eabi/10.3.1/../../../arm-none-eabi/lib/thumb/v7e-m+fp/hard/libm.a
LOAD /usr/lib/gcc/arm-none-eabi/10.3.1/thumb/v7e-m+fp/hard/libgcc.a

.comment        0x0000000000000000       0x33
 .comment       0x0000000000000000       0x33 /usr/lib/gcc/arm-none-eabi/10.3.1/thumb/v7e-m+fp/hard/crtbegin.o
                                         0x34 (size before relaxing)
 .comment       0x0000000000000033       0x34 /usr/lib/gcc/arm-none-eabi/10.3.1/../../../arm-none-eabi/lib/thumb/v7e-m+fp/hard/libc.a(lib_a-atexit.o)
 .comment       0x0000000000000033       0x34 /usr/lib/gcc/arm-none-eabi/10.3.1/../../../arm-none-eabi/lib/thumb/v7e-m+fp/hard/libc.a(lib_a-fini.o)
 .comment       0x0000000000000033       0x34 /usr/lib/gcc/arm-none-eabi/10.3.1/../../../arm-none-eabi/lib/thumb/v7e-m+fp/hard/libc.a(lib_a-impure.o)
 .comment       0x0000000000000033       0x34 /usr/lib/gcc/arm-none-eabi/10.3.1/../../../arm-none-eabi/lib/thumb/v7e-m+fp/hard/libc.a(lib_a-init.o)
 .comment       0x0000000000000033       0x34 /usr/lib/gcc/arm-none-eabi/10.3.1/../../../arm-none-eabi/lib/thumb/v7e-m+fp/hard/libc.a(lib_a-__atexit.o)
 .comment       0x0000000000000033       0x34 /usr/lib/gcc/arm-none-eabi/10.3.1/../../../arm-none-eabi/lib/thumb/v7e-m+fp/hard/libc.a(lib_a-__call_atexit.o)
 .comment       0x0000000000000033       0x34 CMakeFiles/STM32_Driver.dir/Src/main.c.obj
 .comment       0x0000000000000033       0x34 CMakeFiles/STM32_Driver.dir/Driver/Src/stm32f446xx_gpio_driver.c.obj
 .comment       0x0000000000000033       0x34 /usr/lib/gcc/arm-none-eabi/10.3.1/thumb/v7e-m+fp/hard/crtend.o

.debug_info     0x0000000000000000     0x2d5c
 .debug_info    0x0000000000000000      0x100 /usr/lib/gcc/arm-none-eabi/10.3.1/../../../arm-none-eabi/lib/thumb/v7e-m+fp/hard/libc.a(lib_a-atexit.o)
 .debug_info    0x0000000000000100      0x102 /usr/lib/gcc/arm-none-eabi/10.3.1/../../../arm-none-eabi/lib/thumb/v7e-m+fp/hard/libc.a(lib_a-fini.o)
 .debug_info    0x0000000000000202      0x92a /usr/lib/gcc/arm-none-eabi/10.3.1/../../../arm-none-eabi/lib/thumb/v7e-m+fp/hard/libc.a(lib_a-impure.o)
 .debug_info    0x0000000000000b2c      0x11a /usr/lib/gcc/arm-none-eabi/10.3.1/../../../arm-none-eabi/lib/thumb/v7e-m+fp/hard/libc.a(lib_a-init.o)
 .debug_info    0x0000000000000c46      0x9b0 /usr/lib/gcc/arm-none-eabi/10.3.1/../../../arm-none-eabi/lib/thumb/v7e-m+fp/hard/libc.a(lib_a-__atexit.o)
 .debug_info    0x00000000000015f6      0xa3d /usr/lib/gcc/arm-none-eabi/10.3.1/../../../arm-none-eabi/lib/thumb/v7e-m+fp/hard/libc.a(lib_a-__call_atexit.o)
 .debug_info    0x0000000000002033      0x487 CMakeFiles/STM32_Driver.dir/Src/main.c.obj
 .debug_info    0x00000000000024ba       0x22 CMakeFiles/STM32_Driver.dir/Startup/startup_stm32f446retx.s.obj
 .debug_info    0x00000000000024dc      0x880 CMakeFiles/STM32_Driver.dir/Driver/Src/stm32f446xx_gpio_driver.c.obj

.debug_abbrev   0x0000000000000000      0xc50
 .debug_abbrev  0x0000000000000000       0xb7 /usr/lib/gcc/arm-none-eabi/10.3.1/../../../arm-none-eabi/lib/thumb/v7e-m+fp/hard/libc.a(lib_a-atexit.o)
 .debug_abbrev  0x00000000000000b7       0xcf /usr/lib/gcc/arm-none-eabi/10.3.1/../../../arm-none-eabi/lib/thumb/v7e-m+fp/hard/libc.a(lib_a-fini.o)
 .debug_abbrev  0x0000000000000186      0x1b8 /usr/lib/gcc/arm-none-eabi/10.3.1/../../../arm-none-eabi/lib/thumb/v7e-m+fp/hard/libc.a(lib_a-impure.o)
 .debug_abbrev  0x000000000000033e       0xcc /usr/lib/gcc/arm-none-eabi/10.3.1/../../../arm-none-eabi/lib/thumb/v7e-m+fp/hard/libc.a(lib_a-init.o)
 .debug_abbrev  0x000000000000040a      0x23f /usr/lib/gcc/arm-none-eabi/10.3.1/../../../arm-none-eabi/lib/thumb/v7e-m+fp/hard/libc.a(lib_a-__atexit.o)
 .debug_abbrev  0x0000000000000649      0x2b2 /usr/lib/gcc/arm-none-eabi/10.3.1/../../../arm-none-eabi/lib/thumb/v7e-m+fp/hard/libc.a(lib_a-__call_atexit.o)
 .debug_abbrev  0x00000000000008fb      0x182 CMakeFiles/STM32_Driver.dir/Src/main.c.obj
 .debug_abbrev  0x0000000000000a7d       0x12 CMakeFiles/STM32_Driver.dir/Startup/startup_stm32f446retx.s.obj
 .debug_abbrev  0x0000000000000a8f      0x1c1 CMakeFiles/STM32_Driver.dir/Driver/Src/stm32f446xx_gpio_driver.c.obj

.debug_loc      0x0000000000000000      0x8c2
 .debug_loc     0x0000000000000000       0x32 /usr/lib/gcc/arm-none-eabi/10.3.1/../../../arm-none-eabi/lib/thumb/v7e-m+fp/hard/libc.a(lib_a-atexit.o)
 .debug_loc     0x0000000000000032       0x68 /usr/lib/gcc/arm-none-eabi/10.3.1/../../../arm-none-eabi/lib/thumb/v7e-m+fp/hard/libc.a(lib_a-fini.o)
 .debug_loc     0x000000000000009a       0xba /usr/lib/gcc/arm-none-eabi/10.3.1/../../../arm-none-eabi/lib/thumb/v7e-m+fp/hard/libc.a(lib_a-init.o)
 .debug_loc     0x0000000000000154      0x138 /usr/lib/gcc/arm-none-eabi/10.3.1/../../../arm-none-eabi/lib/thumb/v7e-m+fp/hard/libc.a(lib_a-__atexit.o)
 .debug_loc     0x000000000000028c      0x1cc /usr/lib/gcc/arm-none-eabi/10.3.1/../../../arm-none-eabi/lib/thumb/v7e-m+fp/hard/libc.a(lib_a-__call_atexit.o)
 .debug_loc     0x0000000000000458       0x23 CMakeFiles/STM32_Driver.dir/Src/main.c.obj
 .debug_loc     0x000000000000047b      0x447 CMakeFiles/STM32_Driver.dir/Driver/Src/stm32f446xx_gpio_driver.c.obj

.debug_aranges  0x0000000000000000      0x198
 .debug_aranges
                0x0000000000000000       0x20 /usr/lib/gcc/arm-none-eabi/10.3.1/../../../arm-none-eabi/lib/thumb/v7e-m+fp/hard/libc.a(lib_a-atexit.o)
 .debug_aranges
                0x0000000000000020       0x20 /usr/lib/gcc/arm-none-eabi/10.3.1/../../../arm-none-eabi/lib/thumb/v7e-m+fp/hard/libc.a(lib_a-fini.o)
 .debug_aranges
                0x0000000000000040       0x18 /usr/lib/gcc/arm-none-eabi/10.3.1/../../../arm-none-eabi/lib/thumb/v7e-m+fp/hard/libc.a(lib_a-impure.o)
 .debug_aranges
                0x0000000000000058       0x20 /usr/lib/gcc/arm-none-eabi/10.3.1/../../../arm-none-eabi/lib/thumb/v7e-m+fp/hard/libc.a(lib_a-init.o)
 .debug_aranges
                0x0000000000000078       0x20 /usr/lib/gcc/arm-none-eabi/10.3.1/../../../arm-none-eabi/lib/thumb/v7e-m+fp/hard/libc.a(lib_a-__atexit.o)
 .debug_aranges
                0x0000000000000098       0x28 /usr/lib/gcc/arm-none-eabi/10.3.1/../../../arm-none-eabi/lib/thumb/v7e-m+fp/hard/libc.a(lib_a-__call_atexit.o)
 .debug_aranges
                0x00000000000000c0       0x40 CMakeFiles/STM32_Driver.dir/Src/main.c.obj
 .debug_aranges
                0x0000000000000100       0x28 CMakeFiles/STM32_Driver.dir/Startup/startup_stm32f446retx.s.obj
 .debug_aranges
                0x0000000000000128       0x70 CMakeFiles/STM32_Driver.dir/Driver/Src/stm32f446xx_gpio_driver.c.obj

.debug_line     0x0000000000000000     0x124e
 .debug_line    0x0000000000000000       0xc0 /usr/lib/gcc/arm-none-eabi/10.3.1/../../../arm-none-eabi/lib/thumb/v7e-m+fp/hard/libc.a(lib_a-atexit.o)
 .debug_line    0x00000000000000c0       0xed /usr/lib/gcc/arm-none-eabi/10.3.1/../../../arm-none-eabi/lib/thumb/v7e-m+fp/hard/libc.a(lib_a-fini.o)
 .debug_line    0x00000000000001ad       0xe4 /usr/lib/gcc/arm-none-eabi/10.3.1/../../../arm-none-eabi/lib/thumb/v7e-m+fp/hard/libc.a(lib_a-impure.o)
 .debug_line    0x0000000000000291      0x138 /usr/lib/gcc/arm-none-eabi/10.3.1/../../../arm-none-eabi/lib/thumb/v7e-m+fp/hard/libc.a(lib_a-init.o)
 .debug_line    0x00000000000003c9      0x19e /usr/lib/gcc/arm-none-eabi/10.3.1/../../../arm-none-eabi/lib/thumb/v7e-m+fp/hard/libc.a(lib_a-__atexit.o)
 .debug_line    0x0000000000000567      0x28d /usr/lib/gcc/arm-none-eabi/10.3.1/../../../arm-none-eabi/lib/thumb/v7e-m+fp/hard/libc.a(lib_a-__call_atexit.o)
 .debug_line    0x00000000000007f4      0x238 CMakeFiles/STM32_Driver.dir/Src/main.c.obj
 .debug_line    0x0000000000000a2c       0xb3 CMakeFiles/STM32_Driver.dir/Startup/startup_stm32f446retx.s.obj
 .debug_line    0x0000000000000adf      0x76f CMakeFiles/STM32_Driver.dir/Driver/Src/stm32f446xx_gpio_driver.c.obj

.debug_str      0x0000000000000000     0x5a10
 .debug_str     0x0000000000000000      0x154 /usr/lib/gcc/arm-none-eabi/10.3.1/../../../arm-none-eabi/lib/thumb/v7e-m+fp/hard/libc.a(lib_a-atexit.o)
                                        0x1e4 (size before relaxing)
 .debug_str     0x0000000000000154       0xc8 /usr/lib/gcc/arm-none-eabi/10.3.1/../../../arm-none-eabi/lib/thumb/v7e-m+fp/hard/libc.a(lib_a-fini.o)
                                        0x1dc (size before relaxing)
 .debug_str     0x000000000000021c      0x453 /usr/lib/gcc/arm-none-eabi/10.3.1/../../../arm-none-eabi/lib/thumb/v7e-m+fp/hard/libc.a(lib_a-impure.o)
                                        0x582 (size before relaxing)
 .debug_str     0x000000000000066f       0x96 /usr/lib/gcc/arm-none-eabi/10.3.1/../../../arm-none-eabi/lib/thumb/v7e-m+fp/hard/libc.a(lib_a-init.o)
                                        0x206 (size before relaxing)
 .debug_str     0x0000000000000705       0x3b /usr/lib/gcc/arm-none-eabi/10.3.1/../../../arm-none-eabi/lib/thumb/v7e-m+fp/hard/libc.a(lib_a-__atexit.o)
                                        0x5bc (size before relaxing)
 .debug_str     0x0000000000000740       0x8d /usr/lib/gcc/arm-none-eabi/10.3.1/../../../arm-none-eabi/lib/thumb/v7e-m+fp/hard/libc.a(lib_a-__call_atexit.o)
                                        0x5e8 (size before relaxing)
 .debug_str     0x00000000000007cd     0x4f4e CMakeFiles/STM32_Driver.dir/Src/main.c.obj
                                       0x50c3 (size before relaxing)
 .debug_str     0x000000000000571b       0x5e CMakeFiles/STM32_Driver.dir/Startup/startup_stm32f446retx.s.obj
                                         0x9c (size before relaxing)
 .debug_str     0x0000000000005779      0x297 CMakeFiles/STM32_Driver.dir/Driver/Src/stm32f446xx_gpio_driver.c.obj
                                       0x5292 (size before relaxing)

.debug_frame    0x0000000000000000      0x264
 .debug_frame   0x0000000000000000       0x20 /usr/lib/gcc/arm-none-eabi/10.3.1/../../../arm-none-eabi/lib/thumb/v7e-m+fp/hard/libc.a(lib_a-atexit.o)
 .debug_frame   0x0000000000000020       0x34 /usr/lib/gcc/arm-none-eabi/10.3.1/../../../arm-none-eabi/lib/thumb/v7e-m+fp/hard/libc.a(lib_a-fini.o)
 .debug_frame   0x0000000000000054       0x2c /usr/lib/gcc/arm-none-eabi/10.3.1/../../../arm-none-eabi/lib/thumb/v7e-m+fp/hard/libc.a(lib_a-init.o)
 .debug_frame   0x0000000000000080       0x34 /usr/lib/gcc/arm-none-eabi/10.3.1/../../../arm-none-eabi/lib/thumb/v7e-m+fp/hard/libc.a(lib_a-__atexit.o)
 .debug_frame   0x00000000000000b4       0x5c /usr/lib/gcc/arm-none-eabi/10.3.1/../../../arm-none-eabi/lib/thumb/v7e-m+fp/hard/libc.a(lib_a-__call_atexit.o)
 .debug_frame   0x0000000000000110       0x88 CMakeFiles/STM32_Driver.dir/Src/main.c.obj
 .debug_frame   0x0000000000000198       0xcc CMakeFiles/STM32_Driver.dir/Driver/Src/stm32f446xx_gpio_driver.c.obj

.debug_ranges   0x0000000000000000      0x118
 .debug_ranges  0x0000000000000000       0x50 /usr/lib/gcc/arm-none-eabi/10.3.1/../../../arm-none-eabi/lib/thumb/v7e-m+fp/hard/libc.a(lib_a-__call_atexit.o)
 .debug_ranges  0x0000000000000050       0x30 CMakeFiles/STM32_Driver.dir/Src/main.c.obj
 .debug_ranges  0x0000000000000080       0x20 CMakeFiles/STM32_Driver.dir/Startup/startup_stm32f446retx.s.obj
 .debug_ranges  0x00000000000000a0       0x78 CMakeFiles/STM32_Driver.dir/Driver/Src/stm32f446xx_gpio_driver.c.obj

.debug_macro    0x0000000000000000     0x1200
 .debug_macro   0x0000000000000000       0x51 CMakeFiles/STM32_Driver.dir/Src/main.c.obj
 .debug_macro   0x0000000000000051      0xa6c CMakeFiles/STM32_Driver.dir/Src/main.c.obj
 .debug_macro   0x0000000000000abd      0x34e CMakeFiles/STM32_Driver.dir/Src/main.c.obj
 .debug_macro   0x0000000000000e0b      0x2f4 CMakeFiles/STM32_Driver.dir/Src/main.c.obj
 .debug_macro   0x00000000000010ff       0x8e CMakeFiles/STM32_Driver.dir/Src/main.c.obj
 .debug_macro   0x000000000000118d       0x22 CMakeFiles/STM32_Driver.dir/Src/main.c.obj
 .debug_macro   0x00000000000011af       0x51 CMakeFiles/STM32_Driver.dir/Driver/Src/stm32f446xx_gpio_driver.c.obj
