01:18:44 **** Incremental Build of configuration Debug for project STM32_Driver ****
make -j16 all 
arm-none-eabi-gcc "../Src/main.c" -mcpu=cortex-m4 -std=gnu11 -g3 -DDEBUG -DSTM32 -DSTM32F4 -DSTM32F446RETx -DNUCLEO_F446RE -c -I../Inc -I"C:/Users/pc/Documents/STM32_Driver/STM32_Driver/Drivers/Inc" -O0 -ffunction-sections -fdata-sections -Wall -fstack-usage -fcyclomatic-complexity -MMD -MP -MF"Src/main.d" -MT"Src/main.o" --specs=nano.specs -mfpu=fpv4-sp-d16 -mfloat-abi=hard -mthumb -o "Src/main.o"
arm-none-eabi-gcc -o "STM32_Driver.elf" @"objects.list"   -mcpu=cortex-m4 -T"C:\Users\pc\Documents\STM32_Driver\STM32_Driver\STM32F446RETX_FLASH.ld" --specs=nosys.specs -Wl,-Map="STM32_Driver.map" -Wl,--gc-sections -static --specs=nano.specs -mfpu=fpv4-sp-d16 -mfloat-abi=hard -mthumb -Wl,--start-group -lc -lm -Wl,--end-group
Finished building target: STM32_Driver.elf
 
arm-none-eabi-size  STM32_Driver.elf 
arm-none-eabi-objdump -h -S STM32_Driver.elf  > "STM32_Driver.list"
   text	   data	    bss	    dec	    hex	filename
   1600	      8	   1568	   3176	    c68	STM32_Driver.elf
Finished building: default.size.stdout
 
Finished building: STM32_Driver.list
 
01:18:48 **** Incremental Build of configuration Debug for project STM32_Driver ****
make -j16 all 
arm-none-eabi-size  STM32_Driver.elf 
   text	   data	    bss	    dec	    hex	filename
   1600	      8	   1568	   3176	    c68	STM32_Driver.elf
Finished building: default.size.stdout
 
01:19:05 **** Incremental Build of configuration Debug for project STM32_Driver ****
make -j16 all 
arm-none-eabi-size  STM32_Driver.elf 
   text	   data	    bss	    dec	    hex	filename
   1600	      8	   1568	   3176	    c68	STM32_Driver.elf
Finished building: default.size.stdout
 
