20:48:50 **** Incremental Build of configuration Debug for project STM32F446_Driver ****
make -j16 all 
arm-none-eabi-gcc "../Src/main.c" -mcpu=cortex-m4 -std=gnu11 -g3 -DDEBUG -DSTM32 -DSTM32F4 -DSTM32F446RETx -c -I"C:/Users/pc/Documents/STM32_Driver/STM32F446_Driver/Drivers/Inc" -O0 -ffunction-sections -fdata-sections -Wall -fstack-usage -fcyclomatic-complexity -MMD -MP -MF"Src/main.d" -MT"Src/main.o"  -mfloat-abi=soft -mthumb -o "Src/main.o"
arm-none-eabi-gcc -o "STM32F446_Driver.elf" @"objects.list"   -mcpu=cortex-m4 -T"C:\Users\pc\Documents\STM32_Driver\STM32F446_Driver\STM32F446RETX_FLASH.ld" --specs=nosys.specs -Wl,-Map="STM32F446_Driver.map" -Wl,--gc-sections -static  -mfloat-abi=soft -mthumb -Wl,--start-group -lc -lm -Wl,--end-group
Finished building target: STM32F446_Driver.elf
 
arm-none-eabi-size  STM32F446_Driver.elf 
arm-none-eabi-objdump -h -S STM32F446_Driver.elf  > "STM32F446_Driver.list"
   text	   data	    bss	    dec	    hex	filename
    948	     16	   1972	   2936	    b78	STM32F446_Driver.elf
arm-none-eabi-objcopy  -O ihex STM32F446_Driver.elf  "STM32F446_Driver.hex"
arm-none-eabi-objcopy  -O binary STM32F446_Driver.elf  "STM32F446_Driver.bin"
Finished building: default.size.stdout
 
Finished building: STM32F446_Driver.hex
Finished building: STM32F446_Driver.list
 
Finished building: STM32F446_Driver.bin
 
 
20:48:55 **** Incremental Build of configuration Debug for project STM32F446_Driver ****
make -j16 all 
arm-none-eabi-size  STM32F446_Driver.elf 
   text	   data	    bss	    dec	    hex	filename
    948	     16	   1972	   2936	    b78	STM32F446_Driver.elf
Finished building: default.size.stdout
 
