20:55:10 **** Incremental Build of configuration Debug for project STM32F446RE ****
make -j16 all 
arm-none-eabi-gcc "../Src/main.c" -mcpu=cortex-m4 -std=gnu11 -g3 -DDEBUG -DSTM32 -DSTM32F4 -DSTM32F446RETx -c -I"C:/Users/pc/Documents/STM32_Driver/STM32F446RE/Driver" -include"C:/Users/pc/Documents/STM32_Driver/STM32F446RE/Driver/Inc/stm32f446xx.h" -O0 -ffunction-sections -fdata-sections -Wall -fstack-usage -fcyclomatic-complexity -MMD -MP -MF"Src/main.d" -MT"Src/main.o" --specs=nano.specs -mfpu=fpv4-sp-d16 -mfloat-abi=hard -mthumb -o "Src/main.o"
arm-none-eabi-gcc -o "STM32F446RE.elf" @"objects.list"   -mcpu=cortex-m4 -T"C:\Users\pc\Documents\STM32_Driver\STM32F446RE\STM32F446RETX_FLASH.ld" --specs=nosys.specs -Wl,-Map="STM32F446RE.map" -Wl,--gc-sections -static --specs=nano.specs -mfpu=fpv4-sp-d16 -mfloat-abi=hard -mthumb -Wl,--start-group -lc -lm -Wl,--end-group
Finished building target: STM32F446RE.elf
 
arm-none-eabi-size   STM32F446RE.elf 
arm-none-eabi-objdump -h -S  STM32F446RE.elf  > "STM32F446RE.list"
   text	   data	    bss	    dec	    hex	filename
    704	      8	   1568	   2280	    8e8	STM32F446RE.elf
Finished building: default.size.stdout
 
Finished building: STM32F446RE.list
 

20:55:10 Build Finished. 0 errors, 0 warnings. (took 406ms)

